
=== Metropolis Monte Carlo ===
Box-optimal uncoupled scale: 15.8114 (score 1.0 = best possible uncoupled design)
Metropolis walk: 20000 steps, T: 3.0 → 0.01, step_size: 0.4...
  Step 4000/20000 | T=0.9590 | E=1.2932 | accept rate so far: 88.80%
  Step 8000/20000 | T=0.3064 | E=0.8260 | accept rate so far: 83.97%
  Step 12000/20000 | T=0.0979 | E=0.2769 | accept rate so far: 76.26%
  Step 16000/20000 | T=0.0313 | E=-0.3665 | accept rate so far: 65.06%
  Step 20000/20000 | T=0.0100 | E=-0.5361 | accept rate so far: 54.40%
  Total accepted: 10879/20000 (54.40%)
  Best energy: -0.5420 at step 18940 (final chain energy: -0.5361)
Phase 2: refining top 100 chain samples with full minimax optimization...
  Refined 20/100...
  Refined 40/100...
  Refined 60/100...
  Refined 80/100...
  Refined 100/100...

Best Metropolis configuration (combined score = 1.0000):
  Box-norm. sensitivity : 1.0136  (raw 16.0260, own-ref 0.6343)
  Spread (relative)    : 1.6158
  Masses    : [2.881 3.    3.    2.764 3.    3.    1.191 2.938 3.    2.769]
  Wall k    : [0.99  3.058 0.23  5.137 0.432 1.9   0.441 3.566 0.503 6.   ]
  Coupling k: [0.003 0.001 0.024 0.005 0.14  0.002 0.224 0.008 0.003]
  Pareto-front size: 7
  Acceptance rate: 54.40%
  Metropolis MC finished in 3m 20s (200.9s)

=== Total wall time: 3m 20s ===

Results saved to: /Users/gissa/Documents/Nancy/ResOSc/results-mc/mc_results_v6_fixedphysics.pkl
Transfer this file to your laptop and plot with:
  python plot_mc.py --input results-mc/mc_results_v6_fixedphysics.pkl
