
=== Metropolis Monte Carlo ===
Box-optimal uncoupled scale: 47.4342 (score 1.0 = best possible uncoupled design)
Metropolis walk: 20000 steps, T: 3.0 → 0.01, step_size: 0.4...
  Step 4000/20000 | T=0.9590 | E=2.8080 | accept rate so far: 85.32%
  Step 8000/20000 | T=0.3064 | E=2.1891 | accept rate so far: 76.55%
  Step 12000/20000 | T=0.0979 | E=0.4480 | accept rate so far: 63.39%
  Step 16000/20000 | T=0.0313 | E=0.0999 | accept rate so far: 51.17%
  Step 20000/20000 | T=0.0100 | E=0.0670 | accept rate so far: 41.34%
  Total accepted: 8268/20000 (41.34%)
  Best energy: 0.0182 at step 18987 (final chain energy: 0.0670)
Phase 2: refining top 100 chain samples with full minimax optimization...
  Refined 20/100...
  Refined 40/100...
  Refined 60/100...
  Refined 80/100...
  Refined 100/100...

Best Metropolis configuration (combined score = 1.0000):
  Box-norm. sensitivity : 0.9974  (raw 47.3112, own-ref 3.8688)
  Spread (relative)    : 1.5736
  Masses    : [3.    2.771 0.252 3.    3.    3.    3.    3.    3.    3.   ]
  Wall k    : [0.484 4.285 0.281 1.277 0.803 0.271 0.391 4.342 0.2   2.409]
  Coupling k: [0.098 0.109 0.003 0.003 0.004 0.002 0.063 0.001 0.23 ]
  Pareto-front size: 9
  Acceptance rate: 41.34%
  Metropolis MC finished in 3m 19s (199.0s)

=== Total wall time: 3m 19s ===

Results saved to: /Users/gissa/Documents/Nancy/ResOSc/results-mc/mc_results_v5_sensonly.pkl
Transfer this file to your laptop and plot with:
  python plot_mc.py --input results-mc/mc_results_v5_sensonly.pkl
