
=== Metropolis Monte Carlo ===
Box-optimal uncoupled scale: 15.8114 (score 1.0 = best possible uncoupled design)
Metropolis walk: 20000 steps, T: 3.0 → 0.01, step_size: 0.4...
  Total accepted: 2080/20000 (10.40%)
  Best energy: -0.5110 at step 18689 (final chain energy: -0.4545)
Phase 2: refining top 100 chain samples with full minimax optimization...
  Refined 20/100...
  Refined 40/100...
  Refined 60/100...
  Refined 80/100...
  Refined 100/100...

Best Metropolis configuration (combined score = 1.0000):
  Box-norm. sensitivity : 1.0161  (raw 16.0656, own-ref 0.7772)
  Spread (relative)    : 2.8389
  Masses    : [3.    1.342 3.    3.    3.    3.    2.834 2.596 1.995 0.455]
  Wall k    : [1.366 0.494 0.987 6.    0.2   1.796 3.625 0.686 0.258 2.441]
  Coupling k: [0.04  0.001 0.019 0.023 0.006 0.002 0.002 0.016 0.079]
  Pareto-front size: 5
  Acceptance rate: 10.40%
  Metropolis MC finished in 3m 25s (206.0s)

=== Total wall time: 3m 25s ===

Results saved to: /Users/gissa/Documents/Nancy/ResOSc/results-mc/mc_results_v7_resolvable.pkl
Transfer this file to your laptop and plot with:
  python plot_mc.py --input results-mc/mc_results_v7_resolvable.pkl
