
=== Metropolis Monte Carlo ===
Box-optimal uncoupled scale: 47.4342 (score 1.0 = best possible uncoupled design)
Metropolis walk: 20000 steps, T: 3.0 → 0.01, step_size: 0.4...
  Step 4000/20000 | T=0.9590 | E=1.0896 | accept rate so far: 90.18%
  Step 8000/20000 | T=0.3064 | E=0.6564 | accept rate so far: 84.23%
  Step 12000/20000 | T=0.0979 | E=0.3157 | accept rate so far: 75.58%
  Step 16000/20000 | T=0.0313 | E=-0.4441 | accept rate so far: 63.92%
  Step 20000/20000 | T=0.0100 | E=-0.6146 | accept rate so far: 52.34%
  Total accepted: 10467/20000 (52.34%)
  Best energy: -0.6392 at step 19354 (final chain energy: -0.6146)
Phase 2: refining top 100 chain samples with full minimax optimization...
  Refined 20/100...
  Refined 40/100...
  Refined 60/100...
  Refined 80/100...
  Refined 100/100...

Best Metropolis configuration (combined score = 0.6153):
  Box-norm. sensitivity : 0.7157  (raw 33.9465, own-ref 0.9888)
  Spread (relative)    : 4.6970
  Masses    : [2.943 3.    3.    1.039 3.    3.    2.726 2.813 3.    1.951]
  Wall k    : [0.2   0.249 0.228 6.    0.322 0.645 0.39  0.424 0.996 0.596]
  Coupling k: [0.001 0.002 0.002 0.004 0.018 0.003 0.004 0.003 0.01 ]
  Pareto-front size: 20
  Acceptance rate: 52.34%
  Metropolis MC finished in 3m 15s (195.1s)

=== Total wall time: 3m 15s ===

Results saved to: /Users/gissa/Documents/Nancy/ResOSc/results-mc/mc_results_v5_boxnorm.pkl
Transfer this file to your laptop and plot with:
  python plot_mc.py --input results-mc/mc_results_v5_boxnorm.pkl
