
=== Metropolis Monte Carlo ===
Metropolis walk: 20000 steps, T: 3.0 → 0.01, step_size: 0.4...
  Step 4000/20000 | T=0.9590 | E=-0.8401 | accept rate so far: 90.18%
  Step 8000/20000 | T=0.3064 | E=-1.2733 | accept rate so far: 84.23%
  Step 12000/20000 | T=0.0979 | E=-1.6139 | accept rate so far: 75.58%
  Step 16000/20000 | T=0.0313 | E=-2.3737 | accept rate so far: 63.92%
  Step 20000/20000 | T=0.0100 | E=-2.5443 | accept rate so far: 52.34%
  Total accepted: 10467/20000 (52.34%)
  Best energy: -2.5689 at step 19354 (final chain energy: -2.5443)
Phase 2: refining top 100 chain samples with full minimax optimization...
  Refined 20/100...
  Refined 40/100...
  Refined 60/100...
  Refined 80/100...
  Refined 100/100...

Best Metropolis configuration (combined score = 0.6153):
  Min sensitivity       : 33.9465
  Spread (relative)    : 4.6970
  Masses    : [2.943 3.    3.    1.039 3.    3.    2.726 2.813 3.    1.951]
  Wall k    : [0.2   0.249 0.228 6.    0.322 0.645 0.39  0.424 0.996 0.596]
  Coupling k: [0.001 0.002 0.002 0.004 0.018 0.003 0.004 0.003 0.01 ]
  Pareto-front size: 20
  Acceptance rate: 52.34%
  Metropolis MC finished in 3m 38s (218.1s)

=== Total wall time: 3m 38s ===

Results saved to: /Users/gissa/Documents/Nancy/ResOSc/results-mc/mc_results_v3_extended.pkl
Transfer this file to your laptop and plot with:
  python plot_mc.py --input results-mc/mc_results_v3_extended.pkl
